// Jest Snapshot v1, https://goo.gl/fbAQLP

exports[`rendering should render the component 1`] = `
<footer>
  <div
    className="footer footer-home"
  >
    <div
      className="contact-form"
    >
      <div
        className="contact-title"
      >
        Contact Us
      </div>
      <form>
        <ul
          className="form-group"
        >
          <li>
            <label>
              Full Name :
              <span
                className="required"
              >
                *
              </span>
            </label>
            <input
              className="form-control field-long"
              name="text"
              required={true}
              type="text"
            />
          </li>
          <li>
            <label>
              Email
              <span
                className="required"
              >
                *
              </span>
            </label>
            <input
              className="form-control field-long"
              name="email"
              required={true}
              type="email"
            />
          </li>
          <li>
            <label>
              Your Message
              <span
                className="required"
              >
                *
              </span>
            </label>
            <textarea
              className="field-long field-textarea"
              id="message"
              name="message"
              required="required"
              rows="3"
            />
          </li>
          <li>
            <button
              className="button"
              type="submit"
            >
              <span>
                Send
              </span>
            </button>
          </li>
        </ul>
      </form>
    </div>
    <div
      className="footer-navigation"
    >
      <Link
        replace={false}
        to="/admin"
      >
        Admin?... click here
      </Link>
    </div>
    <h5
      className="footer-text"
    >
      Â©
      <span
        id="year"
      >
        2019
      </span>
       
      Andela bootcamp project
       
    </h5>
  </div>
</footer>
`;
