// Jest Snapshot v1, https://goo.gl/fbAQLP

exports[`shallow testing should test the component if it renders anything 1`] = `
ShallowWrapper {
  Symbol(enzyme.__root__): [Circular],
  Symbol(enzyme.__unrendered__): <NotFound />,
  Symbol(enzyme.__renderer__): Object {
    "batchedUpdates": [Function],
    "getNode": [Function],
    "render": [Function],
    "simulateError": [Function],
    "simulateEvent": [Function],
    "unmount": [Function],
  },
  Symbol(enzyme.__node__): Object {
    "instance": null,
    "key": undefined,
    "nodeType": "host",
    "props": Object {
      "children": <Link
        className="link"
        replace={false}
        to="/"
      >
        <h3
          className="notfoundtext"
        >
          ...go back Home...
        </h3>
      </Link>,
      "className": "notFound",
    },
    "ref": null,
    "rendered": Object {
      "instance": null,
      "key": undefined,
      "nodeType": "class",
      "props": Object {
        "children": <h3
          className="notfoundtext"
        >
          ...go back Home...
        </h3>,
        "className": "link",
        "replace": false,
        "to": "/",
      },
      "ref": null,
      "rendered": Object {
        "instance": null,
        "key": undefined,
        "nodeType": "host",
        "props": Object {
          "children": "...go back Home...",
          "className": "notfoundtext",
        },
        "ref": null,
        "rendered": "...go back Home...",
        "type": "h3",
      },
      "type": [Function],
    },
    "type": "div",
  },
  Symbol(enzyme.__nodes__): Array [
    Object {
      "instance": null,
      "key": undefined,
      "nodeType": "host",
      "props": Object {
        "children": <Link
          className="link"
          replace={false}
          to="/"
        >
          <h3
            className="notfoundtext"
          >
            ...go back Home...
          </h3>
        </Link>,
        "className": "notFound",
      },
      "ref": null,
      "rendered": Object {
        "instance": null,
        "key": undefined,
        "nodeType": "class",
        "props": Object {
          "children": <h3
            className="notfoundtext"
          >
            ...go back Home...
          </h3>,
          "className": "link",
          "replace": false,
          "to": "/",
        },
        "ref": null,
        "rendered": Object {
          "instance": null,
          "key": undefined,
          "nodeType": "host",
          "props": Object {
            "children": "...go back Home...",
            "className": "notfoundtext",
          },
          "ref": null,
          "rendered": "...go back Home...",
          "type": "h3",
        },
        "type": [Function],
      },
      "type": "div",
    },
  ],
  Symbol(enzyme.__options__): Object {
    "adapter": ReactSixteenAdapter {
      "options": Object {
        "enableComponentDidUpdateOnSetState": true,
        "lifecycles": Object {
          "componentDidUpdate": Object {
            "onSetState": true,
          },
          "getDerivedStateFromProps": true,
          "getSnapshotBeforeUpdate": true,
          "setState": Object {
            "skipsComponentDidUpdateOnNullish": true,
          },
        },
      },
    },
  },
}
`;
