// Jest Snapshot v1, https://goo.gl/fbAQLP

exports[`rendering should render the component 1`] = `
ShallowWrapper {
  Symbol(enzyme.__root__): [Circular],
  Symbol(enzyme.__unrendered__): <SuccessPage />,
  Symbol(enzyme.__renderer__): Object {
    "batchedUpdates": [Function],
    "getNode": [Function],
    "render": [Function],
    "simulateError": [Function],
    "simulateEvent": [Function],
    "unmount": [Function],
  },
  Symbol(enzyme.__node__): Object {
    "instance": null,
    "key": undefined,
    "nodeType": "host",
    "props": Object {
      "children": <div
        className="successful"
      >
        <div>
          <img
            alt="success"
            src="/src/public/images/good.jpg"
          />
        </div>
        <div
          className="success-text"
        >
          <h3>
            Successfully made an Order
          </h3>
          <p>
            You can check your
             
            <a
              href="user-dashboard.html"
            >
              dashboard
            </a>
          </p>
        </div>
      </div>,
    },
    "ref": null,
    "rendered": Object {
      "instance": null,
      "key": undefined,
      "nodeType": "host",
      "props": Object {
        "children": Array [
          <div>
            <img
              alt="success"
              src="/src/public/images/good.jpg"
            />
          </div>,
          <div
            className="success-text"
          >
            <h3>
              Successfully made an Order
            </h3>
            <p>
              You can check your
               
              <a
                href="user-dashboard.html"
              >
                dashboard
              </a>
            </p>
          </div>,
        ],
        "className": "successful",
      },
      "ref": null,
      "rendered": Array [
        Object {
          "instance": null,
          "key": undefined,
          "nodeType": "host",
          "props": Object {
            "children": <img
              alt="success"
              src="/src/public/images/good.jpg"
            />,
          },
          "ref": null,
          "rendered": Object {
            "instance": null,
            "key": undefined,
            "nodeType": "host",
            "props": Object {
              "alt": "success",
              "src": "/src/public/images/good.jpg",
            },
            "ref": null,
            "rendered": null,
            "type": "img",
          },
          "type": "div",
        },
        Object {
          "instance": null,
          "key": undefined,
          "nodeType": "host",
          "props": Object {
            "children": Array [
              <h3>
                Successfully made an Order
              </h3>,
              <p>
                You can check your
                 
                <a
                  href="user-dashboard.html"
                >
                  dashboard
                </a>
              </p>,
            ],
            "className": "success-text",
          },
          "ref": null,
          "rendered": Array [
            Object {
              "instance": null,
              "key": undefined,
              "nodeType": "host",
              "props": Object {
                "children": "Successfully made an Order",
              },
              "ref": null,
              "rendered": "Successfully made an Order",
              "type": "h3",
            },
            Object {
              "instance": null,
              "key": undefined,
              "nodeType": "host",
              "props": Object {
                "children": Array [
                  "You can check your",
                  " ",
                  <a
                    href="user-dashboard.html"
                  >
                    dashboard
                  </a>,
                ],
              },
              "ref": null,
              "rendered": Array [
                "You can check your",
                " ",
                Object {
                  "instance": null,
                  "key": undefined,
                  "nodeType": "host",
                  "props": Object {
                    "children": "dashboard",
                    "href": "user-dashboard.html",
                  },
                  "ref": null,
                  "rendered": "dashboard",
                  "type": "a",
                },
              ],
              "type": "p",
            },
          ],
          "type": "div",
        },
      ],
      "type": "div",
    },
    "type": "section",
  },
  Symbol(enzyme.__nodes__): Array [
    Object {
      "instance": null,
      "key": undefined,
      "nodeType": "host",
      "props": Object {
        "children": <div
          className="successful"
        >
          <div>
            <img
              alt="success"
              src="/src/public/images/good.jpg"
            />
          </div>
          <div
            className="success-text"
          >
            <h3>
              Successfully made an Order
            </h3>
            <p>
              You can check your
               
              <a
                href="user-dashboard.html"
              >
                dashboard
              </a>
            </p>
          </div>
        </div>,
      },
      "ref": null,
      "rendered": Object {
        "instance": null,
        "key": undefined,
        "nodeType": "host",
        "props": Object {
          "children": Array [
            <div>
              <img
                alt="success"
                src="/src/public/images/good.jpg"
              />
            </div>,
            <div
              className="success-text"
            >
              <h3>
                Successfully made an Order
              </h3>
              <p>
                You can check your
                 
                <a
                  href="user-dashboard.html"
                >
                  dashboard
                </a>
              </p>
            </div>,
          ],
          "className": "successful",
        },
        "ref": null,
        "rendered": Array [
          Object {
            "instance": null,
            "key": undefined,
            "nodeType": "host",
            "props": Object {
              "children": <img
                alt="success"
                src="/src/public/images/good.jpg"
              />,
            },
            "ref": null,
            "rendered": Object {
              "instance": null,
              "key": undefined,
              "nodeType": "host",
              "props": Object {
                "alt": "success",
                "src": "/src/public/images/good.jpg",
              },
              "ref": null,
              "rendered": null,
              "type": "img",
            },
            "type": "div",
          },
          Object {
            "instance": null,
            "key": undefined,
            "nodeType": "host",
            "props": Object {
              "children": Array [
                <h3>
                  Successfully made an Order
                </h3>,
                <p>
                  You can check your
                   
                  <a
                    href="user-dashboard.html"
                  >
                    dashboard
                  </a>
                </p>,
              ],
              "className": "success-text",
            },
            "ref": null,
            "rendered": Array [
              Object {
                "instance": null,
                "key": undefined,
                "nodeType": "host",
                "props": Object {
                  "children": "Successfully made an Order",
                },
                "ref": null,
                "rendered": "Successfully made an Order",
                "type": "h3",
              },
              Object {
                "instance": null,
                "key": undefined,
                "nodeType": "host",
                "props": Object {
                  "children": Array [
                    "You can check your",
                    " ",
                    <a
                      href="user-dashboard.html"
                    >
                      dashboard
                    </a>,
                  ],
                },
                "ref": null,
                "rendered": Array [
                  "You can check your",
                  " ",
                  Object {
                    "instance": null,
                    "key": undefined,
                    "nodeType": "host",
                    "props": Object {
                      "children": "dashboard",
                      "href": "user-dashboard.html",
                    },
                    "ref": null,
                    "rendered": "dashboard",
                    "type": "a",
                  },
                ],
                "type": "p",
              },
            ],
            "type": "div",
          },
        ],
        "type": "div",
      },
      "type": "section",
    },
  ],
  Symbol(enzyme.__options__): Object {
    "adapter": ReactSixteenAdapter {
      "options": Object {
        "enableComponentDidUpdateOnSetState": true,
        "lifecycles": Object {
          "componentDidUpdate": Object {
            "onSetState": true,
          },
          "getDerivedStateFromProps": true,
          "getSnapshotBeforeUpdate": true,
          "setState": Object {
            "skipsComponentDidUpdateOnNullish": true,
          },
        },
      },
    },
  },
}
`;
