// Jest Snapshot v1, https://goo.gl/fbAQLP

exports[`rendering should render the component 1`] = `
<section>
  <div
    className="error_message"
  />
  <div>
    <form
      onSubmit={[Function]}
    >
      <ul
        className="form-group"
      >
        <li>
          <label>
            Full Name
             
            <span
              className="required"
            >
              *
            </span>
          </label>
          <input
            className="form-control field-divided"
            name="firstname"
            onChange={[Function]}
            placeholder="First Name"
            type="text"
            value=""
          />
          Â 
          <input
            className="form-control field-divided"
            name="lastname"
            onChange={[Function]}
            placeholder="Last Name"
            type="text"
            value=""
          />
        </li>
        <li>
          <label>
            Email
             
            <span
              className="required"
            >
              *
            </span>
          </label>
          <input
            className="form-control field-long"
            name="email"
            onChange={[Function]}
            required={true}
            type="email"
            value=""
          />
        </li>
        <li>
          <label>
            Phone
             
            <span
              className="required"
            >
              *
            </span>
          </label>
          <input
            className="form-control field-long"
            name="phone"
            onChange={[Function]}
            required={true}
            type="text"
          />
        </li>
        <li>
          <label>
            City
             
            <span
              className="required"
            >
              *
            </span>
          </label>
          <input
            className="form-control field-long"
            name="city"
            onChange={[Function]}
            required={true}
            type="text"
            value=""
          />
        </li>
        <li>
          <label>
            Zip Code
             
            <span
              className="required"
            >
              *
            </span>
          </label>
          <input
            className="form-control field-long"
            name="zipcode"
            onChange={[Function]}
            required={true}
            type="number"
            value=""
          />
        </li>
        <li>
          <label>
            Address
             
            <span
              className="required"
            >
              *
            </span>
          </label>
          <textarea
            className="field-long field-textarea"
            id="address"
            name="address"
            onChange={[Function]}
            required="required"
            rows="3"
            value=""
          />
        </li>
        <li>
          <label>
            Password
             
            <span
              className="required"
            >
              *
            </span>
          </label>
          <input
            className="form-control field-long"
            name="password"
            onChange={[Function]}
            required={true}
            type="password"
            value=""
          />
        </li>
        <li>
          <input
            type="submit"
            value="Submit"
          />
        </li>
      </ul>
    </form>
    <div
      className="text-form"
    >
      <p>
        Already have an account?
         
        <a
          href="signin.html"
        >
          Login
        </a>
      </p>
    </div>
  </div>
</section>
`;
