// Jest Snapshot v1, https://goo.gl/fbAQLP

exports[`rendering should render the component 1`] = `
ShallowWrapper {
  Symbol(enzyme.__root__): [Circular],
  Symbol(enzyme.__unrendered__): <UserDashboardPage
    auth={
      Object {
        "isAuthenticated": false,
        "user": Object {
          "id": 1,
        },
      }
    }
    getOrders={[Function]}
    history={
      Object {
        "push": [Function],
      }
    }
    orders={Array []}
  />,
  Symbol(enzyme.__renderer__): Object {
    "batchedUpdates": [Function],
    "getNode": [Function],
    "render": [Function],
    "simulateError": [Function],
    "simulateEvent": [Function],
    "unmount": [Function],
  },
  Symbol(enzyme.__node__): Object {
    "instance": null,
    "key": undefined,
    "nodeType": "host",
    "props": Object {
      "children": <div
        className="history"
      >
        <div
          className="history-head-text"
        >
          <h3>
            YOUR ORDER HISTORY
          </h3>
        </div>
      </div>,
    },
    "ref": null,
    "rendered": Object {
      "instance": null,
      "key": undefined,
      "nodeType": "host",
      "props": Object {
        "children": Array [
          <div
            className="history-head-text"
          >
            <h3>
              YOUR ORDER HISTORY
            </h3>
          </div>,
          Array [],
        ],
        "className": "history",
      },
      "ref": null,
      "rendered": Array [
        Object {
          "instance": null,
          "key": undefined,
          "nodeType": "host",
          "props": Object {
            "children": <h3>
              YOUR ORDER HISTORY
            </h3>,
            "className": "history-head-text",
          },
          "ref": null,
          "rendered": Object {
            "instance": null,
            "key": undefined,
            "nodeType": "host",
            "props": Object {
              "children": "YOUR ORDER HISTORY",
            },
            "ref": null,
            "rendered": "YOUR ORDER HISTORY",
            "type": "h3",
          },
          "type": "div",
        },
      ],
      "type": "div",
    },
    "type": "div",
  },
  Symbol(enzyme.__nodes__): Array [
    Object {
      "instance": null,
      "key": undefined,
      "nodeType": "host",
      "props": Object {
        "children": <div
          className="history"
        >
          <div
            className="history-head-text"
          >
            <h3>
              YOUR ORDER HISTORY
            </h3>
          </div>
        </div>,
      },
      "ref": null,
      "rendered": Object {
        "instance": null,
        "key": undefined,
        "nodeType": "host",
        "props": Object {
          "children": Array [
            <div
              className="history-head-text"
            >
              <h3>
                YOUR ORDER HISTORY
              </h3>
            </div>,
            Array [],
          ],
          "className": "history",
        },
        "ref": null,
        "rendered": Array [
          Object {
            "instance": null,
            "key": undefined,
            "nodeType": "host",
            "props": Object {
              "children": <h3>
                YOUR ORDER HISTORY
              </h3>,
              "className": "history-head-text",
            },
            "ref": null,
            "rendered": Object {
              "instance": null,
              "key": undefined,
              "nodeType": "host",
              "props": Object {
                "children": "YOUR ORDER HISTORY",
              },
              "ref": null,
              "rendered": "YOUR ORDER HISTORY",
              "type": "h3",
            },
            "type": "div",
          },
        ],
        "type": "div",
      },
      "type": "div",
    },
  ],
  Symbol(enzyme.__options__): Object {
    "adapter": ReactSixteenAdapter {
      "options": Object {
        "enableComponentDidUpdateOnSetState": true,
        "lifecycles": Object {
          "componentDidUpdate": Object {
            "onSetState": true,
          },
          "getDerivedStateFromProps": true,
          "getSnapshotBeforeUpdate": true,
          "setState": Object {
            "skipsComponentDidUpdateOnNullish": true,
          },
        },
      },
    },
  },
}
`;
