// Jest Snapshot v1, https://goo.gl/fbAQLP

exports[`shallow testing should test the component if it renders anything 1`] = `
<div>
  <Connect(NavItem) />
</div>
`;
