// Jest Snapshot v1, https://goo.gl/fbAQLP

exports[`rendering should render the component 1`] = `
ShallowWrapper {
  Symbol(enzyme.__root__): [Circular],
  Symbol(enzyme.__unrendered__): <AdminOrderPage
    auth={
      Object {
        "user": Object {
          "id": 1,
        },
      }
    }
    comment=""
    getAdminOrders={
      [MockFunction] {
        "calls": Array [
          Array [
            null,
          ],
        ],
        "results": Array [
          Object {
            "isThrow": false,
            "value": undefined,
          },
        ],
      }
    }
    orders={Array []}
    success={
      Object {
        "status": true,
      }
    }
  />,
  Symbol(enzyme.__renderer__): Object {
    "batchedUpdates": [Function],
    "getNode": [Function],
    "render": [Function],
    "simulateError": [Function],
    "simulateEvent": [Function],
    "unmount": [Function],
  },
  Symbol(enzyme.__node__): Object {
    "instance": null,
    "key": undefined,
    "nodeType": "host",
    "props": Object {
      "children": Array [
        <div
          className="success"
        >
          Sucessfully deleted an order
        </div>,
        <table
          className="admin-table"
        >
          <thead
            className="table-head"
          >
            <tr>
              <th>
                Item
              </th>
              <th>
                Description
              </th>
              <th>
                Price (
                <strike>
                  N
                </strike>
                )
              </th>
              <th>
                Qty
              </th>
              <th>
                User
              </th>
              <th>
                Total (
                <strike>
                  N
                </strike>
                )
              </th>
              <th>
                Actions
              </th>
            </tr>
          </thead>
        </table>,
      ],
    },
    "ref": null,
    "rendered": Array [
      Object {
        "instance": null,
        "key": undefined,
        "nodeType": "host",
        "props": Object {
          "children": "Sucessfully deleted an order",
          "className": "success",
        },
        "ref": null,
        "rendered": "Sucessfully deleted an order",
        "type": "div",
      },
      Object {
        "instance": null,
        "key": undefined,
        "nodeType": "host",
        "props": Object {
          "children": Array [
            <thead
              className="table-head"
            >
              <tr>
                <th>
                  Item
                </th>
                <th>
                  Description
                </th>
                <th>
                  Price (
                  <strike>
                    N
                  </strike>
                  )
                </th>
                <th>
                  Qty
                </th>
                <th>
                  User
                </th>
                <th>
                  Total (
                  <strike>
                    N
                  </strike>
                  )
                </th>
                <th>
                  Actions
                </th>
              </tr>
            </thead>,
            Array [],
          ],
          "className": "admin-table",
        },
        "ref": null,
        "rendered": Array [
          Object {
            "instance": null,
            "key": undefined,
            "nodeType": "host",
            "props": Object {
              "children": <tr>
                <th>
                  Item
                </th>
                <th>
                  Description
                </th>
                <th>
                  Price (
                  <strike>
                    N
                  </strike>
                  )
                </th>
                <th>
                  Qty
                </th>
                <th>
                  User
                </th>
                <th>
                  Total (
                  <strike>
                    N
                  </strike>
                  )
                </th>
                <th>
                  Actions
                </th>
              </tr>,
              "className": "table-head",
            },
            "ref": null,
            "rendered": Object {
              "instance": null,
              "key": undefined,
              "nodeType": "host",
              "props": Object {
                "children": Array [
                  <th>
                    Item
                  </th>,
                  <th>
                    Description
                  </th>,
                  <th>
                    Price (
                    <strike>
                      N
                    </strike>
                    )
                  </th>,
                  <th>
                    Qty
                  </th>,
                  <th>
                    User
                  </th>,
                  <th>
                    Total (
                    <strike>
                      N
                    </strike>
                    )
                  </th>,
                  <th>
                    Actions
                  </th>,
                ],
              },
              "ref": null,
              "rendered": Array [
                Object {
                  "instance": null,
                  "key": undefined,
                  "nodeType": "host",
                  "props": Object {
                    "children": "Item",
                  },
                  "ref": null,
                  "rendered": "Item",
                  "type": "th",
                },
                Object {
                  "instance": null,
                  "key": undefined,
                  "nodeType": "host",
                  "props": Object {
                    "children": "Description",
                  },
                  "ref": null,
                  "rendered": "Description",
                  "type": "th",
                },
                Object {
                  "instance": null,
                  "key": undefined,
                  "nodeType": "host",
                  "props": Object {
                    "children": Array [
                      "Price (",
                      <strike>
                        N
                      </strike>,
                      ")",
                    ],
                  },
                  "ref": null,
                  "rendered": Array [
                    "Price (",
                    Object {
                      "instance": null,
                      "key": undefined,
                      "nodeType": "host",
                      "props": Object {
                        "children": "N",
                      },
                      "ref": null,
                      "rendered": "N",
                      "type": "strike",
                    },
                    ")",
                  ],
                  "type": "th",
                },
                Object {
                  "instance": null,
                  "key": undefined,
                  "nodeType": "host",
                  "props": Object {
                    "children": "Qty",
                  },
                  "ref": null,
                  "rendered": "Qty",
                  "type": "th",
                },
                Object {
                  "instance": null,
                  "key": undefined,
                  "nodeType": "host",
                  "props": Object {
                    "children": "User",
                  },
                  "ref": null,
                  "rendered": "User",
                  "type": "th",
                },
                Object {
                  "instance": null,
                  "key": undefined,
                  "nodeType": "host",
                  "props": Object {
                    "children": Array [
                      "Total (",
                      <strike>
                        N
                      </strike>,
                      ")",
                    ],
                  },
                  "ref": null,
                  "rendered": Array [
                    "Total (",
                    Object {
                      "instance": null,
                      "key": undefined,
                      "nodeType": "host",
                      "props": Object {
                        "children": "N",
                      },
                      "ref": null,
                      "rendered": "N",
                      "type": "strike",
                    },
                    ")",
                  ],
                  "type": "th",
                },
                Object {
                  "instance": null,
                  "key": undefined,
                  "nodeType": "host",
                  "props": Object {
                    "children": "Actions",
                  },
                  "ref": null,
                  "rendered": "Actions",
                  "type": "th",
                },
              ],
              "type": "tr",
            },
            "type": "thead",
          },
        ],
        "type": "table",
      },
    ],
    "type": "div",
  },
  Symbol(enzyme.__nodes__): Array [
    Object {
      "instance": null,
      "key": undefined,
      "nodeType": "host",
      "props": Object {
        "children": Array [
          <div
            className="success"
          >
            Sucessfully deleted an order
          </div>,
          <table
            className="admin-table"
          >
            <thead
              className="table-head"
            >
              <tr>
                <th>
                  Item
                </th>
                <th>
                  Description
                </th>
                <th>
                  Price (
                  <strike>
                    N
                  </strike>
                  )
                </th>
                <th>
                  Qty
                </th>
                <th>
                  User
                </th>
                <th>
                  Total (
                  <strike>
                    N
                  </strike>
                  )
                </th>
                <th>
                  Actions
                </th>
              </tr>
            </thead>
          </table>,
        ],
      },
      "ref": null,
      "rendered": Array [
        Object {
          "instance": null,
          "key": undefined,
          "nodeType": "host",
          "props": Object {
            "children": "Sucessfully deleted an order",
            "className": "success",
          },
          "ref": null,
          "rendered": "Sucessfully deleted an order",
          "type": "div",
        },
        Object {
          "instance": null,
          "key": undefined,
          "nodeType": "host",
          "props": Object {
            "children": Array [
              <thead
                className="table-head"
              >
                <tr>
                  <th>
                    Item
                  </th>
                  <th>
                    Description
                  </th>
                  <th>
                    Price (
                    <strike>
                      N
                    </strike>
                    )
                  </th>
                  <th>
                    Qty
                  </th>
                  <th>
                    User
                  </th>
                  <th>
                    Total (
                    <strike>
                      N
                    </strike>
                    )
                  </th>
                  <th>
                    Actions
                  </th>
                </tr>
              </thead>,
              Array [],
            ],
            "className": "admin-table",
          },
          "ref": null,
          "rendered": Array [
            Object {
              "instance": null,
              "key": undefined,
              "nodeType": "host",
              "props": Object {
                "children": <tr>
                  <th>
                    Item
                  </th>
                  <th>
                    Description
                  </th>
                  <th>
                    Price (
                    <strike>
                      N
                    </strike>
                    )
                  </th>
                  <th>
                    Qty
                  </th>
                  <th>
                    User
                  </th>
                  <th>
                    Total (
                    <strike>
                      N
                    </strike>
                    )
                  </th>
                  <th>
                    Actions
                  </th>
                </tr>,
                "className": "table-head",
              },
              "ref": null,
              "rendered": Object {
                "instance": null,
                "key": undefined,
                "nodeType": "host",
                "props": Object {
                  "children": Array [
                    <th>
                      Item
                    </th>,
                    <th>
                      Description
                    </th>,
                    <th>
                      Price (
                      <strike>
                        N
                      </strike>
                      )
                    </th>,
                    <th>
                      Qty
                    </th>,
                    <th>
                      User
                    </th>,
                    <th>
                      Total (
                      <strike>
                        N
                      </strike>
                      )
                    </th>,
                    <th>
                      Actions
                    </th>,
                  ],
                },
                "ref": null,
                "rendered": Array [
                  Object {
                    "instance": null,
                    "key": undefined,
                    "nodeType": "host",
                    "props": Object {
                      "children": "Item",
                    },
                    "ref": null,
                    "rendered": "Item",
                    "type": "th",
                  },
                  Object {
                    "instance": null,
                    "key": undefined,
                    "nodeType": "host",
                    "props": Object {
                      "children": "Description",
                    },
                    "ref": null,
                    "rendered": "Description",
                    "type": "th",
                  },
                  Object {
                    "instance": null,
                    "key": undefined,
                    "nodeType": "host",
                    "props": Object {
                      "children": Array [
                        "Price (",
                        <strike>
                          N
                        </strike>,
                        ")",
                      ],
                    },
                    "ref": null,
                    "rendered": Array [
                      "Price (",
                      Object {
                        "instance": null,
                        "key": undefined,
                        "nodeType": "host",
                        "props": Object {
                          "children": "N",
                        },
                        "ref": null,
                        "rendered": "N",
                        "type": "strike",
                      },
                      ")",
                    ],
                    "type": "th",
                  },
                  Object {
                    "instance": null,
                    "key": undefined,
                    "nodeType": "host",
                    "props": Object {
                      "children": "Qty",
                    },
                    "ref": null,
                    "rendered": "Qty",
                    "type": "th",
                  },
                  Object {
                    "instance": null,
                    "key": undefined,
                    "nodeType": "host",
                    "props": Object {
                      "children": "User",
                    },
                    "ref": null,
                    "rendered": "User",
                    "type": "th",
                  },
                  Object {
                    "instance": null,
                    "key": undefined,
                    "nodeType": "host",
                    "props": Object {
                      "children": Array [
                        "Total (",
                        <strike>
                          N
                        </strike>,
                        ")",
                      ],
                    },
                    "ref": null,
                    "rendered": Array [
                      "Total (",
                      Object {
                        "instance": null,
                        "key": undefined,
                        "nodeType": "host",
                        "props": Object {
                          "children": "N",
                        },
                        "ref": null,
                        "rendered": "N",
                        "type": "strike",
                      },
                      ")",
                    ],
                    "type": "th",
                  },
                  Object {
                    "instance": null,
                    "key": undefined,
                    "nodeType": "host",
                    "props": Object {
                      "children": "Actions",
                    },
                    "ref": null,
                    "rendered": "Actions",
                    "type": "th",
                  },
                ],
                "type": "tr",
              },
              "type": "thead",
            },
          ],
          "type": "table",
        },
      ],
      "type": "div",
    },
  ],
  Symbol(enzyme.__options__): Object {
    "adapter": ReactSixteenAdapter {
      "options": Object {
        "enableComponentDidUpdateOnSetState": true,
        "lifecycles": Object {
          "componentDidUpdate": Object {
            "onSetState": true,
          },
          "getDerivedStateFromProps": true,
          "getSnapshotBeforeUpdate": true,
          "setState": Object {
            "skipsComponentDidUpdateOnNullish": true,
          },
        },
      },
    },
  },
}
`;
