// Jest Snapshot v1, https://goo.gl/fbAQLP

exports[`rendering should render the component 1`] = `
ShallowWrapper {
  Symbol(enzyme.__root__): [Circular],
  Symbol(enzyme.__unrendered__): <Homepage />,
  Symbol(enzyme.__renderer__): Object {
    "batchedUpdates": [Function],
    "getNode": [Function],
    "render": [Function],
    "simulateError": [Function],
    "simulateEvent": [Function],
    "unmount": [Function],
  },
  Symbol(enzyme.__node__): Object {
    "instance": null,
    "key": undefined,
    "nodeType": "host",
    "props": Object {
      "children": Array [
        <section
          className="container"
        >
          <div
            className="banner"
            id="banner"
          >
            <div>
              <div
                className="banner-text"
              >
                <h2
                  className="home-banner"
                >
                  Fast Food Fast
                </h2>
                <p
                  className="home-banner"
                >
                  Welcome to Food Delivery, a place where you can order your favorite restaurant dishes, drinks, and desserts at affordable price. We are glad to offer you the best food in the area to everyone.
                </p>
              </div>
            </div>
          </div>
        </section>,
        <div
          className="today-special"
        >
          <p>
            TODAY'S SPECIAL :
            <span
              className="today-special-food"
            >
               Amala with Ewedu plus Goat Meat
            </span>
          </p>
        </div>,
        <div
          className="menu"
        >
          <div
            className="menu-text"
          >
            <h3>
              Our Menu
            </h3>
            <p>
               "Our talented chefs prepare best meals for you"
            </p>
          </div>
          <Connect(Card) />
          <div
            className="menu-text"
          >
            <h3
              className="full-menu"
            >
              <Link
                replace={false}
                to="/menu"
              >
                View Full Menu
              </Link>
            </h3>
          </div>
        </div>,
        <section
          className="info"
        >
          <div
            className="info-text"
          >
            <h3>
              FAST FOOD FAST
            </h3>
          </div>
          <div
            className="about-paragraph"
          >
            <p>
              Lorem ipsum dolor sit amet consectetur adipisicing elit. Nulla, voluptates laborum blanditiis vitae recusandae eaque ea ipsa magnam. Perspiciatis labore veniam recusandae excepturi repellendus ea molestias est reprehenderit veritatis sequi.
            </p>
          </div>
        </section>,
      ],
    },
    "ref": null,
    "rendered": Array [
      Object {
        "instance": null,
        "key": undefined,
        "nodeType": "host",
        "props": Object {
          "children": <div
            className="banner"
            id="banner"
          >
            <div>
              <div
                className="banner-text"
              >
                <h2
                  className="home-banner"
                >
                  Fast Food Fast
                </h2>
                <p
                  className="home-banner"
                >
                  Welcome to Food Delivery, a place where you can order your favorite restaurant dishes, drinks, and desserts at affordable price. We are glad to offer you the best food in the area to everyone.
                </p>
              </div>
            </div>
          </div>,
          "className": "container",
        },
        "ref": null,
        "rendered": Object {
          "instance": null,
          "key": undefined,
          "nodeType": "host",
          "props": Object {
            "children": <div>
              <div
                className="banner-text"
              >
                <h2
                  className="home-banner"
                >
                  Fast Food Fast
                </h2>
                <p
                  className="home-banner"
                >
                  Welcome to Food Delivery, a place where you can order your favorite restaurant dishes, drinks, and desserts at affordable price. We are glad to offer you the best food in the area to everyone.
                </p>
              </div>
            </div>,
            "className": "banner",
            "id": "banner",
          },
          "ref": null,
          "rendered": Object {
            "instance": null,
            "key": undefined,
            "nodeType": "host",
            "props": Object {
              "children": <div
                className="banner-text"
              >
                <h2
                  className="home-banner"
                >
                  Fast Food Fast
                </h2>
                <p
                  className="home-banner"
                >
                  Welcome to Food Delivery, a place where you can order your favorite restaurant dishes, drinks, and desserts at affordable price. We are glad to offer you the best food in the area to everyone.
                </p>
              </div>,
            },
            "ref": null,
            "rendered": Object {
              "instance": null,
              "key": undefined,
              "nodeType": "host",
              "props": Object {
                "children": Array [
                  <h2
                    className="home-banner"
                  >
                    Fast Food Fast
                  </h2>,
                  <p
                    className="home-banner"
                  >
                    Welcome to Food Delivery, a place where you can order your favorite restaurant dishes, drinks, and desserts at affordable price. We are glad to offer you the best food in the area to everyone.
                  </p>,
                ],
                "className": "banner-text",
              },
              "ref": null,
              "rendered": Array [
                Object {
                  "instance": null,
                  "key": undefined,
                  "nodeType": "host",
                  "props": Object {
                    "children": "Fast Food Fast",
                    "className": "home-banner",
                  },
                  "ref": null,
                  "rendered": "Fast Food Fast",
                  "type": "h2",
                },
                Object {
                  "instance": null,
                  "key": undefined,
                  "nodeType": "host",
                  "props": Object {
                    "children": "Welcome to Food Delivery, a place where you can order your favorite restaurant dishes, drinks, and desserts at affordable price. We are glad to offer you the best food in the area to everyone.",
                    "className": "home-banner",
                  },
                  "ref": null,
                  "rendered": "Welcome to Food Delivery, a place where you can order your favorite restaurant dishes, drinks, and desserts at affordable price. We are glad to offer you the best food in the area to everyone.",
                  "type": "p",
                },
              ],
              "type": "div",
            },
            "type": "div",
          },
          "type": "div",
        },
        "type": "section",
      },
      Object {
        "instance": null,
        "key": undefined,
        "nodeType": "host",
        "props": Object {
          "children": <p>
            TODAY'S SPECIAL :
            <span
              className="today-special-food"
            >
               Amala with Ewedu plus Goat Meat
            </span>
          </p>,
          "className": "today-special",
        },
        "ref": null,
        "rendered": Object {
          "instance": null,
          "key": undefined,
          "nodeType": "host",
          "props": Object {
            "children": Array [
              "TODAY'S SPECIAL :",
              <span
                className="today-special-food"
              >
                 Amala with Ewedu plus Goat Meat
              </span>,
            ],
          },
          "ref": null,
          "rendered": Array [
            "TODAY'S SPECIAL :",
            Object {
              "instance": null,
              "key": undefined,
              "nodeType": "host",
              "props": Object {
                "children": " Amala with Ewedu plus Goat Meat",
                "className": "today-special-food",
              },
              "ref": null,
              "rendered": " Amala with Ewedu plus Goat Meat",
              "type": "span",
            },
          ],
          "type": "p",
        },
        "type": "div",
      },
      Object {
        "instance": null,
        "key": undefined,
        "nodeType": "host",
        "props": Object {
          "children": Array [
            <div
              className="menu-text"
            >
              <h3>
                Our Menu
              </h3>
              <p>
                 "Our talented chefs prepare best meals for you"
              </p>
            </div>,
            <Connect(Card) />,
            <div
              className="menu-text"
            >
              <h3
                className="full-menu"
              >
                <Link
                  replace={false}
                  to="/menu"
                >
                  View Full Menu
                </Link>
              </h3>
            </div>,
          ],
          "className": "menu",
        },
        "ref": null,
        "rendered": Array [
          Object {
            "instance": null,
            "key": undefined,
            "nodeType": "host",
            "props": Object {
              "children": Array [
                <h3>
                  Our Menu
                </h3>,
                <p>
                   "Our talented chefs prepare best meals for you"
                </p>,
              ],
              "className": "menu-text",
            },
            "ref": null,
            "rendered": Array [
              Object {
                "instance": null,
                "key": undefined,
                "nodeType": "host",
                "props": Object {
                  "children": "Our Menu",
                },
                "ref": null,
                "rendered": "Our Menu",
                "type": "h3",
              },
              Object {
                "instance": null,
                "key": undefined,
                "nodeType": "host",
                "props": Object {
                  "children": " \\"Our talented chefs prepare best meals for you\\"",
                },
                "ref": null,
                "rendered": " \\"Our talented chefs prepare best meals for you\\"",
                "type": "p",
              },
            ],
            "type": "div",
          },
          Object {
            "instance": null,
            "key": undefined,
            "nodeType": "class",
            "props": Object {},
            "ref": null,
            "rendered": null,
            "type": [Function],
          },
          Object {
            "instance": null,
            "key": undefined,
            "nodeType": "host",
            "props": Object {
              "children": <h3
                className="full-menu"
              >
                <Link
                  replace={false}
                  to="/menu"
                >
                  View Full Menu
                </Link>
              </h3>,
              "className": "menu-text",
            },
            "ref": null,
            "rendered": Object {
              "instance": null,
              "key": undefined,
              "nodeType": "host",
              "props": Object {
                "children": <Link
                  replace={false}
                  to="/menu"
                >
                  View Full Menu
                </Link>,
                "className": "full-menu",
              },
              "ref": null,
              "rendered": Object {
                "instance": null,
                "key": undefined,
                "nodeType": "class",
                "props": Object {
                  "children": "View Full Menu",
                  "replace": false,
                  "to": "/menu",
                },
                "ref": null,
                "rendered": "View Full Menu",
                "type": [Function],
              },
              "type": "h3",
            },
            "type": "div",
          },
        ],
        "type": "div",
      },
      Object {
        "instance": null,
        "key": undefined,
        "nodeType": "host",
        "props": Object {
          "children": Array [
            <div
              className="info-text"
            >
              <h3>
                FAST FOOD FAST
              </h3>
            </div>,
            <div
              className="about-paragraph"
            >
              <p>
                Lorem ipsum dolor sit amet consectetur adipisicing elit. Nulla, voluptates laborum blanditiis vitae recusandae eaque ea ipsa magnam. Perspiciatis labore veniam recusandae excepturi repellendus ea molestias est reprehenderit veritatis sequi.
              </p>
            </div>,
          ],
          "className": "info",
        },
        "ref": null,
        "rendered": Array [
          Object {
            "instance": null,
            "key": undefined,
            "nodeType": "host",
            "props": Object {
              "children": <h3>
                FAST FOOD FAST
              </h3>,
              "className": "info-text",
            },
            "ref": null,
            "rendered": Object {
              "instance": null,
              "key": undefined,
              "nodeType": "host",
              "props": Object {
                "children": "FAST FOOD FAST",
              },
              "ref": null,
              "rendered": "FAST FOOD FAST",
              "type": "h3",
            },
            "type": "div",
          },
          Object {
            "instance": null,
            "key": undefined,
            "nodeType": "host",
            "props": Object {
              "children": <p>
                Lorem ipsum dolor sit amet consectetur adipisicing elit. Nulla, voluptates laborum blanditiis vitae recusandae eaque ea ipsa magnam. Perspiciatis labore veniam recusandae excepturi repellendus ea molestias est reprehenderit veritatis sequi.
              </p>,
              "className": "about-paragraph",
            },
            "ref": null,
            "rendered": Object {
              "instance": null,
              "key": undefined,
              "nodeType": "host",
              "props": Object {
                "children": "Lorem ipsum dolor sit amet consectetur adipisicing elit. Nulla, voluptates laborum blanditiis vitae recusandae eaque ea ipsa magnam. Perspiciatis labore veniam recusandae excepturi repellendus ea molestias est reprehenderit veritatis sequi.",
              },
              "ref": null,
              "rendered": "Lorem ipsum dolor sit amet consectetur adipisicing elit. Nulla, voluptates laborum blanditiis vitae recusandae eaque ea ipsa magnam. Perspiciatis labore veniam recusandae excepturi repellendus ea molestias est reprehenderit veritatis sequi.",
              "type": "p",
            },
            "type": "div",
          },
        ],
        "type": "section",
      },
    ],
    "type": "div",
  },
  Symbol(enzyme.__nodes__): Array [
    Object {
      "instance": null,
      "key": undefined,
      "nodeType": "host",
      "props": Object {
        "children": Array [
          <section
            className="container"
          >
            <div
              className="banner"
              id="banner"
            >
              <div>
                <div
                  className="banner-text"
                >
                  <h2
                    className="home-banner"
                  >
                    Fast Food Fast
                  </h2>
                  <p
                    className="home-banner"
                  >
                    Welcome to Food Delivery, a place where you can order your favorite restaurant dishes, drinks, and desserts at affordable price. We are glad to offer you the best food in the area to everyone.
                  </p>
                </div>
              </div>
            </div>
          </section>,
          <div
            className="today-special"
          >
            <p>
              TODAY'S SPECIAL :
              <span
                className="today-special-food"
              >
                 Amala with Ewedu plus Goat Meat
              </span>
            </p>
          </div>,
          <div
            className="menu"
          >
            <div
              className="menu-text"
            >
              <h3>
                Our Menu
              </h3>
              <p>
                 "Our talented chefs prepare best meals for you"
              </p>
            </div>
            <Connect(Card) />
            <div
              className="menu-text"
            >
              <h3
                className="full-menu"
              >
                <Link
                  replace={false}
                  to="/menu"
                >
                  View Full Menu
                </Link>
              </h3>
            </div>
          </div>,
          <section
            className="info"
          >
            <div
              className="info-text"
            >
              <h3>
                FAST FOOD FAST
              </h3>
            </div>
            <div
              className="about-paragraph"
            >
              <p>
                Lorem ipsum dolor sit amet consectetur adipisicing elit. Nulla, voluptates laborum blanditiis vitae recusandae eaque ea ipsa magnam. Perspiciatis labore veniam recusandae excepturi repellendus ea molestias est reprehenderit veritatis sequi.
              </p>
            </div>
          </section>,
        ],
      },
      "ref": null,
      "rendered": Array [
        Object {
          "instance": null,
          "key": undefined,
          "nodeType": "host",
          "props": Object {
            "children": <div
              className="banner"
              id="banner"
            >
              <div>
                <div
                  className="banner-text"
                >
                  <h2
                    className="home-banner"
                  >
                    Fast Food Fast
                  </h2>
                  <p
                    className="home-banner"
                  >
                    Welcome to Food Delivery, a place where you can order your favorite restaurant dishes, drinks, and desserts at affordable price. We are glad to offer you the best food in the area to everyone.
                  </p>
                </div>
              </div>
            </div>,
            "className": "container",
          },
          "ref": null,
          "rendered": Object {
            "instance": null,
            "key": undefined,
            "nodeType": "host",
            "props": Object {
              "children": <div>
                <div
                  className="banner-text"
                >
                  <h2
                    className="home-banner"
                  >
                    Fast Food Fast
                  </h2>
                  <p
                    className="home-banner"
                  >
                    Welcome to Food Delivery, a place where you can order your favorite restaurant dishes, drinks, and desserts at affordable price. We are glad to offer you the best food in the area to everyone.
                  </p>
                </div>
              </div>,
              "className": "banner",
              "id": "banner",
            },
            "ref": null,
            "rendered": Object {
              "instance": null,
              "key": undefined,
              "nodeType": "host",
              "props": Object {
                "children": <div
                  className="banner-text"
                >
                  <h2
                    className="home-banner"
                  >
                    Fast Food Fast
                  </h2>
                  <p
                    className="home-banner"
                  >
                    Welcome to Food Delivery, a place where you can order your favorite restaurant dishes, drinks, and desserts at affordable price. We are glad to offer you the best food in the area to everyone.
                  </p>
                </div>,
              },
              "ref": null,
              "rendered": Object {
                "instance": null,
                "key": undefined,
                "nodeType": "host",
                "props": Object {
                  "children": Array [
                    <h2
                      className="home-banner"
                    >
                      Fast Food Fast
                    </h2>,
                    <p
                      className="home-banner"
                    >
                      Welcome to Food Delivery, a place where you can order your favorite restaurant dishes, drinks, and desserts at affordable price. We are glad to offer you the best food in the area to everyone.
                    </p>,
                  ],
                  "className": "banner-text",
                },
                "ref": null,
                "rendered": Array [
                  Object {
                    "instance": null,
                    "key": undefined,
                    "nodeType": "host",
                    "props": Object {
                      "children": "Fast Food Fast",
                      "className": "home-banner",
                    },
                    "ref": null,
                    "rendered": "Fast Food Fast",
                    "type": "h2",
                  },
                  Object {
                    "instance": null,
                    "key": undefined,
                    "nodeType": "host",
                    "props": Object {
                      "children": "Welcome to Food Delivery, a place where you can order your favorite restaurant dishes, drinks, and desserts at affordable price. We are glad to offer you the best food in the area to everyone.",
                      "className": "home-banner",
                    },
                    "ref": null,
                    "rendered": "Welcome to Food Delivery, a place where you can order your favorite restaurant dishes, drinks, and desserts at affordable price. We are glad to offer you the best food in the area to everyone.",
                    "type": "p",
                  },
                ],
                "type": "div",
              },
              "type": "div",
            },
            "type": "div",
          },
          "type": "section",
        },
        Object {
          "instance": null,
          "key": undefined,
          "nodeType": "host",
          "props": Object {
            "children": <p>
              TODAY'S SPECIAL :
              <span
                className="today-special-food"
              >
                 Amala with Ewedu plus Goat Meat
              </span>
            </p>,
            "className": "today-special",
          },
          "ref": null,
          "rendered": Object {
            "instance": null,
            "key": undefined,
            "nodeType": "host",
            "props": Object {
              "children": Array [
                "TODAY'S SPECIAL :",
                <span
                  className="today-special-food"
                >
                   Amala with Ewedu plus Goat Meat
                </span>,
              ],
            },
            "ref": null,
            "rendered": Array [
              "TODAY'S SPECIAL :",
              Object {
                "instance": null,
                "key": undefined,
                "nodeType": "host",
                "props": Object {
                  "children": " Amala with Ewedu plus Goat Meat",
                  "className": "today-special-food",
                },
                "ref": null,
                "rendered": " Amala with Ewedu plus Goat Meat",
                "type": "span",
              },
            ],
            "type": "p",
          },
          "type": "div",
        },
        Object {
          "instance": null,
          "key": undefined,
          "nodeType": "host",
          "props": Object {
            "children": Array [
              <div
                className="menu-text"
              >
                <h3>
                  Our Menu
                </h3>
                <p>
                   "Our talented chefs prepare best meals for you"
                </p>
              </div>,
              <Connect(Card) />,
              <div
                className="menu-text"
              >
                <h3
                  className="full-menu"
                >
                  <Link
                    replace={false}
                    to="/menu"
                  >
                    View Full Menu
                  </Link>
                </h3>
              </div>,
            ],
            "className": "menu",
          },
          "ref": null,
          "rendered": Array [
            Object {
              "instance": null,
              "key": undefined,
              "nodeType": "host",
              "props": Object {
                "children": Array [
                  <h3>
                    Our Menu
                  </h3>,
                  <p>
                     "Our talented chefs prepare best meals for you"
                  </p>,
                ],
                "className": "menu-text",
              },
              "ref": null,
              "rendered": Array [
                Object {
                  "instance": null,
                  "key": undefined,
                  "nodeType": "host",
                  "props": Object {
                    "children": "Our Menu",
                  },
                  "ref": null,
                  "rendered": "Our Menu",
                  "type": "h3",
                },
                Object {
                  "instance": null,
                  "key": undefined,
                  "nodeType": "host",
                  "props": Object {
                    "children": " \\"Our talented chefs prepare best meals for you\\"",
                  },
                  "ref": null,
                  "rendered": " \\"Our talented chefs prepare best meals for you\\"",
                  "type": "p",
                },
              ],
              "type": "div",
            },
            Object {
              "instance": null,
              "key": undefined,
              "nodeType": "class",
              "props": Object {},
              "ref": null,
              "rendered": null,
              "type": [Function],
            },
            Object {
              "instance": null,
              "key": undefined,
              "nodeType": "host",
              "props": Object {
                "children": <h3
                  className="full-menu"
                >
                  <Link
                    replace={false}
                    to="/menu"
                  >
                    View Full Menu
                  </Link>
                </h3>,
                "className": "menu-text",
              },
              "ref": null,
              "rendered": Object {
                "instance": null,
                "key": undefined,
                "nodeType": "host",
                "props": Object {
                  "children": <Link
                    replace={false}
                    to="/menu"
                  >
                    View Full Menu
                  </Link>,
                  "className": "full-menu",
                },
                "ref": null,
                "rendered": Object {
                  "instance": null,
                  "key": undefined,
                  "nodeType": "class",
                  "props": Object {
                    "children": "View Full Menu",
                    "replace": false,
                    "to": "/menu",
                  },
                  "ref": null,
                  "rendered": "View Full Menu",
                  "type": [Function],
                },
                "type": "h3",
              },
              "type": "div",
            },
          ],
          "type": "div",
        },
        Object {
          "instance": null,
          "key": undefined,
          "nodeType": "host",
          "props": Object {
            "children": Array [
              <div
                className="info-text"
              >
                <h3>
                  FAST FOOD FAST
                </h3>
              </div>,
              <div
                className="about-paragraph"
              >
                <p>
                  Lorem ipsum dolor sit amet consectetur adipisicing elit. Nulla, voluptates laborum blanditiis vitae recusandae eaque ea ipsa magnam. Perspiciatis labore veniam recusandae excepturi repellendus ea molestias est reprehenderit veritatis sequi.
                </p>
              </div>,
            ],
            "className": "info",
          },
          "ref": null,
          "rendered": Array [
            Object {
              "instance": null,
              "key": undefined,
              "nodeType": "host",
              "props": Object {
                "children": <h3>
                  FAST FOOD FAST
                </h3>,
                "className": "info-text",
              },
              "ref": null,
              "rendered": Object {
                "instance": null,
                "key": undefined,
                "nodeType": "host",
                "props": Object {
                  "children": "FAST FOOD FAST",
                },
                "ref": null,
                "rendered": "FAST FOOD FAST",
                "type": "h3",
              },
              "type": "div",
            },
            Object {
              "instance": null,
              "key": undefined,
              "nodeType": "host",
              "props": Object {
                "children": <p>
                  Lorem ipsum dolor sit amet consectetur adipisicing elit. Nulla, voluptates laborum blanditiis vitae recusandae eaque ea ipsa magnam. Perspiciatis labore veniam recusandae excepturi repellendus ea molestias est reprehenderit veritatis sequi.
                </p>,
                "className": "about-paragraph",
              },
              "ref": null,
              "rendered": Object {
                "instance": null,
                "key": undefined,
                "nodeType": "host",
                "props": Object {
                  "children": "Lorem ipsum dolor sit amet consectetur adipisicing elit. Nulla, voluptates laborum blanditiis vitae recusandae eaque ea ipsa magnam. Perspiciatis labore veniam recusandae excepturi repellendus ea molestias est reprehenderit veritatis sequi.",
                },
                "ref": null,
                "rendered": "Lorem ipsum dolor sit amet consectetur adipisicing elit. Nulla, voluptates laborum blanditiis vitae recusandae eaque ea ipsa magnam. Perspiciatis labore veniam recusandae excepturi repellendus ea molestias est reprehenderit veritatis sequi.",
                "type": "p",
              },
              "type": "div",
            },
          ],
          "type": "section",
        },
      ],
      "type": "div",
    },
  ],
  Symbol(enzyme.__options__): Object {
    "adapter": ReactSixteenAdapter {
      "options": Object {
        "enableComponentDidUpdateOnSetState": true,
        "lifecycles": Object {
          "componentDidUpdate": Object {
            "onSetState": true,
          },
          "getDerivedStateFromProps": true,
          "getSnapshotBeforeUpdate": true,
          "setState": Object {
            "skipsComponentDidUpdateOnNullish": true,
          },
        },
      },
    },
  },
}
`;
